Starting AlphaFold3 run at Tue 01 Apr 2025 08:01:01 AM EDT
Using docker with GPU setting: all
Using the following paths:
Input directory: ./experiments/anti_HA_test_01/3_folding/af_input
Output directory: ./experiments/anti_HA_test_01/3_folding/af_output
Weights directory: /home/nicholas/alphafold_weights
Databases directory: /home/nicholas/public_databases
Using GPU flag: --gpus all
Running AlphaFold3...
I0401 12:01:03.187649 139762695606464 xla_bridge.py:895] Unable to initialize backend 'rocm': module 'jaxlib.xla_extension' has no attribute 'GpuAllocatorConfig'
I0401 12:01:03.188210 139762695606464 xla_bridge.py:895] Unable to initialize backend 'tpu': INTERNAL: Failed to open libtpu.so: libtpu.so: cannot open shared object file: No such file or directory
I0401 12:01:05.641395 139762695606464 pipeline.py:82] Getting protein MSAs for sequence QAQLVQSGAELKLPASSAKVSCKASGASFSKPWVSWVRQAEGQGPEWLGWYAPRSGITHYEPSVQGRVTISADISLSTAYVQLSSLTAAVTRVYVCARDHRHWYDNWGEGTYGTASS
I0401 12:01:05.653174 139758569260608 jackhmmer.py:78] Query sequence: QAQLVQSGAELKLPASSAKVSCKASGASFSKPWVSWVRQAEGQGPEWLGWYAPRSGITHYEPSVQGRVTISADISLSTAYVQLSSLTAAVTRVYVCARDHRHWYDNWGEGTYGTASS
I0401 12:01:05.653418 139758558774848 jackhmmer.py:78] Query sequence: QAQLVQSGAELKLPASSAKVSCKASGASFSKPWVSWVRQAEGQGPEWLGWYAPRSGITHYEPSVQGRVTISADISLSTAYVQLSSLTAAVTRVYVCARDHRHWYDNWGEGTYGTASS
I0401 12:01:05.653707 139758548289088 jackhmmer.py:78] Query sequence: QAQLVQSGAELKLPASSAKVSCKASGASFSKPWVSWVRQAEGQGPEWLGWYAPRSGITHYEPSVQGRVTISADISLSTAYVQLSSLTAAVTRVYVCARDHRHWYDNWGEGTYGTASS
I0401 12:01:05.653814 139758537803328 jackhmmer.py:78] Query sequence: QAQLVQSGAELKLPASSAKVSCKASGASFSKPWVSWVRQAEGQGPEWLGWYAPRSGITHYEPSVQGRVTISADISLSTAYVQLSSLTAAVTRVYVCARDHRHWYDNWGEGTYGTASS
I0401 12:01:05.653982 139758569260608 subprocess_utils.py:68] Launching subprocess "/hmmer/bin/jackhmmer -o /dev/null -A /tmp/tmpliu5akmm/output.sto --noali --F1 0.0005 --F2 5e-05 --F3 5e-07 --cpu 8 -N 1 -E 0.0001 --incE 0.0001 /tmp/tmpliu5akmm/query.fasta /root/public_databases/uniref90_2022_05.fa"
I0401 12:01:05.654072 139758548289088 subprocess_utils.py:68] Launching subprocess "/hmmer/bin/jackhmmer -o /dev/null -A /tmp/tmpk66pn9ha/output.sto --noali --F1 0.0005 --F2 5e-05 --F3 5e-07 --cpu 8 -N 1 -E 0.0001 --incE 0.0001 /tmp/tmpk66pn9ha/query.fasta /root/public_databases/bfd-first_non_consensus_sequences.fasta"
I0401 12:01:05.654141 139758558774848 subprocess_utils.py:68] Launching subprocess "/hmmer/bin/jackhmmer -o /dev/null -A /tmp/tmp402ry_zx/output.sto --noali --F1 0.0005 --F2 5e-05 --F3 5e-07 --cpu 8 -N 1 -E 0.0001 --incE 0.0001 /tmp/tmp402ry_zx/query.fasta /root/public_databases/mgy_clusters_2022_05.fa"
I0401 12:01:05.654378 139758537803328 subprocess_utils.py:68] Launching subprocess "/hmmer/bin/jackhmmer -o /dev/null -A /tmp/tmpvmfxj38d/output.sto --noali --F1 0.0005 --F2 5e-05 --F3 5e-07 --cpu 8 -N 1 -E 0.0001 --incE 0.0001 /tmp/tmpvmfxj38d/query.fasta /root/public_databases/uniprot_all_2021_04.fa"
I0401 12:01:43.105953 139758548289088 subprocess_utils.py:97] Finished Jackhmmer (bfd-first_non_consensus_sequences.fasta) in 37.452 seconds
I0401 12:03:47.143201 139758569260608 subprocess_utils.py:97] Finished Jackhmmer (uniref90_2022_05.fa) in 161.489 seconds
I0401 12:05:10.056510 139758537803328 subprocess_utils.py:97] Finished Jackhmmer (uniprot_all_2021_04.fa) in 244.402 seconds
I0401 12:05:43.446067 139758558774848 subprocess_utils.py:97] Finished Jackhmmer (mgy_clusters_2022_05.fa) in 277.792 seconds
I0401 12:05:43.447967 139762695606464 pipeline.py:115] Getting protein MSAs took 277.81 seconds for sequence QAQLVQSGAELKLPASSAKVSCKASGASFSKPWVSWVRQAEGQGPEWLGWYAPRSGITHYEPSVQGRVTISADISLSTAYVQLSSLTAAVTRVYVCARDHRHWYDNWGEGTYGTASS
I0401 12:05:43.448004 139762695606464 pipeline.py:121] Deduplicating MSAs for sequence QAQLVQSGAELKLPASSAKVSCKASGASFSKPWVSWVRQAEGQGPEWLGWYAPRSGITHYEPSVQGRVTISADISLSTAYVQLSSLTAAVTRVYVCARDHRHWYDNWGEGTYGTASS
I0401 12:05:43.457622 139762695606464 pipeline.py:134] Deduplicating MSAs took 0.01 seconds for sequence QAQLVQSGAELKLPASSAKVSCKASGASFSKPWVSWVRQAEGQGPEWLGWYAPRSGITHYEPSVQGRVTISADISLSTAYVQLSSLTAAVTRVYVCARDHRHWYDNWGEGTYGTASS, found 10498 unpaired sequences, 21629 paired sequences
I0401 12:05:43.460618 139762695606464 pipeline.py:40] Getting protein templates for sequence QAQLVQSGAELKLPASSAKVSCKASGASFSKPWVSWVRQAEGQGPEWLGWYAPRSGITHYEPSVQGRVTISADISLSTAYVQLSSLTAAVTRVYVCARDHRHWYDNWGEGTYGTASS
I0401 12:05:43.489762 139762695606464 subprocess_utils.py:68] Launching subprocess "/hmmer/bin/hmmbuild --informat stockholm --hand --amino /tmp/tmpour5tnvg/output.hmm /tmp/tmpour5tnvg/query.msa"
I0401 12:05:43.604229 139762695606464 subprocess_utils.py:97] Finished Hmmbuild in 0.114 seconds
I0401 12:05:43.605756 139762695606464 subprocess_utils.py:68] Launching subprocess "/hmmer/bin/hmmsearch --noali --cpu 8 --F1 0.1 --F2 0.1 --F3 0.1 -E 100 --incE 100 --domE 100 --incdomE 100 -A /tmp/tmpm50v1by5/output.sto /tmp/tmpm50v1by5/query.hmm /root/public_databases/pdb_seqres_2022_09_28.fasta"
I0401 12:05:46.446126 139762695606464 subprocess_utils.py:97] Finished Hmmsearch (pdb_seqres_2022_09_28.fasta) in 2.840 seconds
I0401 12:05:46.666519 139762695606464 pipeline.py:52] Getting 4 protein templates took 3.21 seconds for sequence QAQLVQSGAELKLPASSAKVSCKASGASFSKPWVSWVRQAEGQGPEWLGWYAPRSGITHYEPSVQGRVTISADISLSTAYVQLSSLTAAVTRVYVCARDHRHWYDNWGEGTYGTASS
I0401 12:05:46.714977 139762695606464 pipeline.py:82] Getting protein MSAs for sequence DIVLTQSPGPLSASPGERACRASQRVIHWAYQAKPGQAPALLIYGASARGAGIPARFSGSGSGTDFTLTIIGAAAALESEDSAVYHCQQASASPTFGEGTKLEIA
I0401 12:05:46.715213 139758558774848 jackhmmer.py:78] Query sequence: DIVLTQSPGPLSASPGERACRASQRVIHWAYQAKPGQAPALLIYGASARGAGIPARFSGSGSGTDFTLTIIGAAAALESEDSAVYHCQQASASPTFGEGTKLEIA
I0401 12:05:46.715480 139758569260608 jackhmmer.py:78] Query sequence: DIVLTQSPGPLSASPGERACRASQRVIHWAYQAKPGQAPALLIYGASARGAGIPARFSGSGSGTDFTLTIIGAAAALESEDSAVYHCQQASASPTFGEGTKLEIA
I0401 12:05:46.715549 139758537803328 jackhmmer.py:78] Query sequence: DIVLTQSPGPLSASPGERACRASQRVIHWAYQAKPGQAPALLIYGASARGAGIPARFSGSGSGTDFTLTIIGAAAALESEDSAVYHCQQASASPTFGEGTKLEIA
I0401 12:05:46.715733 139758558774848 subprocess_utils.py:68] Launching subprocess "/hmmer/bin/jackhmmer -o /dev/null -A /tmp/tmpdag5ugw6/output.sto --noali --F1 0.0005 --F2 5e-05 --F3 5e-07 --cpu 8 -N 1 -E 0.0001 --incE 0.0001 /tmp/tmpdag5ugw6/query.fasta /root/public_databases/uniref90_2022_05.fa"
I0401 12:05:46.715806 139758548289088 jackhmmer.py:78] Query sequence: DIVLTQSPGPLSASPGERACRASQRVIHWAYQAKPGQAPALLIYGASARGAGIPARFSGSGSGTDFTLTIIGAAAALESEDSAVYHCQQASASPTFGEGTKLEIA
I0401 12:05:46.715943 139758569260608 subprocess_utils.py:68] Launching subprocess "/hmmer/bin/jackhmmer -o /dev/null -A /tmp/tmpgvlh59l0/output.sto --noali --F1 0.0005 --F2 5e-05 --F3 5e-07 --cpu 8 -N 1 -E 0.0001 --incE 0.0001 /tmp/tmpgvlh59l0/query.fasta /root/public_databases/bfd-first_non_consensus_sequences.fasta"
I0401 12:05:46.716083 139758537803328 subprocess_utils.py:68] Launching subprocess "/hmmer/bin/jackhmmer -o /dev/null -A /tmp/tmpo2j_r8kr/output.sto --noali --F1 0.0005 --F2 5e-05 --F3 5e-07 --cpu 8 -N 1 -E 0.0001 --incE 0.0001 /tmp/tmpo2j_r8kr/query.fasta /root/public_databases/mgy_clusters_2022_05.fa"
I0401 12:05:46.716171 139758548289088 subprocess_utils.py:68] Launching subprocess "/hmmer/bin/jackhmmer -o /dev/null -A /tmp/tmp95fchevz/output.sto --noali --F1 0.0005 --F2 5e-05 --F3 5e-07 --cpu 8 -N 1 -E 0.0001 --incE 0.0001 /tmp/tmp95fchevz/query.fasta /root/public_databases/uniprot_all_2021_04.fa"
I0401 12:06:24.075114 139758569260608 subprocess_utils.py:97] Finished Jackhmmer (bfd-first_non_consensus_sequences.fasta) in 37.359 seconds
I0401 12:08:28.087219 139758558774848 subprocess_utils.py:97] Finished Jackhmmer (uniref90_2022_05.fa) in 161.371 seconds
I0401 12:09:50.152007 139758548289088 subprocess_utils.py:97] Finished Jackhmmer (uniprot_all_2021_04.fa) in 243.436 seconds
I0401 12:10:18.946786 139758537803328 subprocess_utils.py:97] Finished Jackhmmer (mgy_clusters_2022_05.fa) in 272.231 seconds
I0401 12:10:18.948745 139762695606464 pipeline.py:115] Getting protein MSAs took 272.23 seconds for sequence DIVLTQSPGPLSASPGERACRASQRVIHWAYQAKPGQAPALLIYGASARGAGIPARFSGSGSGTDFTLTIIGAAAALESEDSAVYHCQQASASPTFGEGTKLEIA
I0401 12:10:18.948790 139762695606464 pipeline.py:121] Deduplicating MSAs for sequence DIVLTQSPGPLSASPGERACRASQRVIHWAYQAKPGQAPALLIYGASARGAGIPARFSGSGSGTDFTLTIIGAAAALESEDSAVYHCQQASASPTFGEGTKLEIA
I0401 12:10:18.958122 139762695606464 pipeline.py:134] Deduplicating MSAs took 0.01 seconds for sequence DIVLTQSPGPLSASPGERACRASQRVIHWAYQAKPGQAPALLIYGASARGAGIPARFSGSGSGTDFTLTIIGAAAALESEDSAVYHCQQASASPTFGEGTKLEIA, found 10329 unpaired sequences, 19942 paired sequences
I0401 12:10:18.959571 139762695606464 pipeline.py:40] Getting protein templates for sequence DIVLTQSPGPLSASPGERACRASQRVIHWAYQAKPGQAPALLIYGASARGAGIPARFSGSGSGTDFTLTIIGAAAALESEDSAVYHCQQASASPTFGEGTKLEIA
I0401 12:10:18.982947 139762695606464 subprocess_utils.py:68] Launching subprocess "/hmmer/bin/hmmbuild --informat stockholm --hand --amino /tmp/tmpgqto0rj1/output.hmm /tmp/tmpgqto0rj1/query.msa"
I0401 12:10:19.091428 139762695606464 subprocess_utils.py:97] Finished Hmmbuild in 0.108 seconds
I0401 12:10:19.093170 139762695606464 subprocess_utils.py:68] Launching subprocess "/hmmer/bin/hmmsearch --noali --cpu 8 --F1 0.1 --F2 0.1 --F3 0.1 -E 100 --incE 100 --domE 100 --incdomE 100 -A /tmp/tmpyzw7f0qx/output.sto /tmp/tmpyzw7f0qx/query.hmm /root/public_databases/pdb_seqres_2022_09_28.fasta"
I0401 12:10:21.876633 139762695606464 subprocess_utils.py:97] Finished Hmmsearch (pdb_seqres_2022_09_28.fasta) in 2.783 seconds
I0401 12:10:22.114553 139762695606464 pipeline.py:52] Getting 4 protein templates took 3.15 seconds for sequence DIVLTQSPGPLSASPGERACRASQRVIHWAYQAKPGQAPALLIYGASARGAGIPARFSGSGSGTDFTLTIIGAAAALESEDSAVYHCQQASASPTFGEGTKLEIA
I0401 12:10:25.173772 139762695606464 pipeline.py:166] processing Antibody, random_seed=1234
I0401 12:10:25.182469 139762695606464 pipeline.py:259] Calculating bucket size for input with 222 tokens.
I0401 12:10:25.182543 139762695606464 pipeline.py:265] Got bucket size 256 for input with 222 tokens, resulting in 34 padded tokens.

Running AlphaFold 3. Please note that standard AlphaFold 3 model parameters are
only available under terms of use provided at
https://github.com/google-deepmind/alphafold3/blob/main/WEIGHTS_TERMS_OF_USE.md.
If you do not agree to these terms and are using AlphaFold 3 derived model
parameters, cancel execution of AlphaFold 3 inference with CTRL-C, and do not
use the model parameters.

Found local devices: [CudaDevice(id=0)], using device 0: cuda:0
Building model from scratch...
Checking that model parameters can be loaded...

Running fold job Antibody...
Output will be written in /root/af_output/antibody_20250401_120105 since /root/af_output/antibody is non-empty.
Running data pipeline...
Running data pipeline for chain H...
Running data pipeline for chain H took 281.07 seconds
Running data pipeline for chain L...
Running data pipeline for chain L took 275.45 seconds
Writing model input JSON to /root/af_output/antibody_20250401_120105/antibody_data.json
Predicting 3D structure for Antibody with 1 seed(s)...
Featurising data with 1 seed(s)...
Featurising data with seed 1234.
Featurising data with seed 1234 took 2.42 seconds.
Featurising data with 1 seed(s) took 5.38 seconds.
Running model inference and extracting output structure samples with 1 seed(s)...
Running model inference with seed 1234...
Running model inference with seed 1234 took 29.31 seconds.
Extracting inference results with seed 1234...
Extracting 5 inference samples with seed 1234 took 0.12 seconds.
Running model inference and extracting output structures with 1 seed(s) took 29.42 seconds.
Writing outputs with 1 seed(s)...
Fold job Antibody done, output written to /root/af_output/antibody_20250401_120105

Done running 1 fold jobs.
Converting output to PDB format...
Conversion successful: ./experiments/anti_HA_test_01/3_folding/af_output/antibody/antibody_model.cif -> ./experiments/anti_HA_test_01/3_folding/antibody.pdb
AlphaFold3 run completed at Tue 01 Apr 2025 08:10:58 AM EDT
